  ┊ 🔀 preparing delegate_worker_v2…
  ┊ 📋 plan      3 task(s)  0.0s
  ┊ 📋 plan      update 1 task(s)  0.0s
  ┊ 💬 thought
<channel|>
  ┊ 📋 plan      update 3 task(s)  0.0s
  ┊ 💬 <channel|>
  ┊ 📋 plan      update 3 task(s)  0.0s
  ┊ 💬 thought
<channel|>
  ┊ 📋 plan      update 3 task(s)  0.0s
  ┊ 💬 <channel|>
  ┊ 🔎 find      migrations/pg12-to-pg16/  0.6s
  ┊ 💬 thought
<channel|>
  ┊ 📋 plan      update 3 task(s)  0.0s
  ┊ 💬 <channel|>
  ┊ 🔎 find      migrations/pg12-to-pg16/  0.4s
  ┊ 📋 plan      update 3 task(s)  0.0s
  ┊ 📋 plan      update 3 task(s)  0.0s
  ┊ 💬 thought
<channel|>
  ┊ 📋 plan      update 3 task(s)  0.0s
  ┊ 💬 thought
<channel|>
  ┊ 📋 plan      update 3 task(s)  0.0s
  ┊ 💬 thought
<channel|>
  ┊ 📋 plan      update 3 task(s)  0.0s
  ┊ 📋 plan      update 3 task(s)  0.0s
  ┊ 📋 plan      update 3 task(s)  0.0s
  ┊ 💬 thought
<channel|>
  ┊ 📋 plan      update 3 task(s)  0.0s
  ┊ 💬 thought
<channel|>
  ┊ 📋 plan      update 3 task(s)  0.0s
  ┊ 📋 plan      update 3 task(s)  0.0s
  ┊ 📋 plan      update 3 task(s)  0.0s
  ┊ ⚡ delegate_ Create a comprehensive PLAN.md in 'migrations/pg12-to-pg16/' for a zero-downtime PostgreSQL 12 to 16 migration. The plan must include: 1. Logical Replication setup (handling 80GB data sync while live). 2. Schema migration strategy. 3. Service cutover sequence for three dependent services (ensuring zero downtime). 4. Rollback procedures (specifically for replication lag or connection spikes). 5. A phased execution timeline. 6. A detailed risk assessment. Constraints: - Do NOT execute any database commands. - Output must be a detailed markdown file. - Use absolute paths for the directory creation. - The plan should be professional and technical, suitable for a PM/Engineering lead. Deliverable: migrations/pg12-to-pg16/PLAN.md  35.1s
  ┊ 🔎 preparing search_files…
  ┊ 🔎 find      PLAN.md  0.6s

╭─ ⚕ Hermes ───────────────────────────────────────────────────────────────────╮
thought
<channel|>
╰──────────────────────────────────────────────────────────────────────────────╯
  ┊ 🔎 preparing search_files…
  ┊ 🔎 find      migrations/pg12-to-pg16/PLAN.md  0.4s

╭─ ⚕ Hermes ───────────────────────────────────────────────────────────────────╮
<channel|>
╰──────────────────────────────────────────────────────────────────────────────╯
  ┊ 💻 preparing terminal…

╭─ ⚕ Hermes ───────────────────────────────────────────────────────────────────╮
thought
<channel|>
╰──────────────────────────────────────────────────────────────────────────────╯
  ┊ 🔎 preparing search_files…
  ┊ 🔎 find      migrations/pg12-to-pg16/  0.4s

╭─ ⚕ Hermes ───────────────────────────────────────────────────────────────────╮
thought
<channel|>
╰──────────────────────────────────────────────────────────────────────────────╯
  ┊ 🔎 preparing search_files…
  ┊ 🔎 find      migrations/pg12-to-pg16/PLAN.md  0.4s

╭─ ⚕ Hermes ───────────────────────────────────────────────────────────────────╮
<channel|>
╰──────────────────────────────────────────────────────────────────────────────╯
  ┊ 🔎 preparing search_files…
  ┊ 🔎 find      pg12-to-pg16  0.4s

╭─ ⚕ Hermes ───────────────────────────────────────────────────────────────────╮
thought
<channel|>
╰──────────────────────────────────────────────────────────────────────────────╯
  ┊ 🔀 preparing delegate_worker_v2…
  ┊ 📋 plan      3 task(s)  0.0s
  ┊ 📋 plan      update 1 task(s)  0.0s
  ┊ 💬 thought
<channel|>
  ┊ 📋 plan      update 3 task(s)  0.0s
  ┊ 💬 <channel|>
  ┊ 📋 plan      update 3 task(s)  0.0s
  ┊ 💬 thought
<channel|>
  ┊ 📋 plan      update 3 task(s)  0.0s
  ┊ 💬 thought
<channel|>
  ┊ 📋 plan      update 3 task(s)  0.0s
  ┊ 💬 thought
<channel|>
  ┊ 📖 read      /home/parallels/.hermes/hermes-agent/migrations/pg12-to-pg16/PLAN.md  0.4s [error]
  ┊ 💬 <channel|>
  ┊ 📋 plan      update 3 task(s)  0.0s
  ┊ 📋 plan      update 3 task(s)  0.0s
  ┊ 📋 plan      update 3 task(s)  0.0s
  ┊ 📋 plan      update 3 task(s)  0.0s
  ┊ ⚡ delegate_ The previous worker failed to actually save the file. Please create the directory `migrations/pg12-to-pg16/` and write the detailed `PLAN.md` file inside it. The PLAN.md must be a high-quality technical document for a zero-downtime PostgreSQL 12 to 16 migration (80GB data) covering: 1. Logical Replication setup. 2. Schema migration strategy. 3. Service cutover sequence for three dependent services. 4. Rollback procedures (replication lag/connection spikes). 5. Phased execution timeline. 6. Risk assessment. Ensure you use absolute paths and verify the file exists after writing.  44.0s

╭─ ⚕ Hermes ───────────────────────────────────────────────────────────────────╮
<channel|>The PostgreSQL 12 to 16 zero-downtime migration plan has been successfully drafted and saved.

**File Location:** `migrations/pg12-to-pg16/PLAN.md`

### Plan Overview:
- **Strategy:** Logical Replication to handle the 80GB data sync while the source remains live.
- **Schema:** Schema-only extraction from PG12 followed by manual sequence synchronization during cutover.
- **Cutover:** A phased approach involving quiescing writes, syncing sequences, and redirecting three dependent services (`Service-A`, `Service-B`, `Service-C`).
- **Rollback:** Specific triggers for replication lag (>5GB) or connection spikes, with clear instructions for service redirection.
- **Timeline:** A structured T-minus schedule including a 15-minute maintenance window for the final cutover.
- **Risk Assessment:** Mitigations included for replication lag, sequence mismatch, and schema drift.

<channel|>The PostgreSQL 12 to 16 zero-downtime migration plan has been successfully drafted and saved.

**File Location:** `migrations/pg12-to-pg16/PLAN.md`

### Plan Overview:
- **Strategy:** Logical Replication to handle the 80GB data sync while the source remains live.
- **Schema:** Schema-only extraction from PG12 followed by manual sequence synchronization during cutover.
- **Cutover:** A phased approach involving quiescing writes, syncing sequences, and redirecting three dependent services (`Service-A`, `Service-B`, `Service-C`).
- **Rollback:** Specific triggers for replication lag (>5GB) or connection spikes, with clear instructions for service redirection.
- **Timeline:** A structured T-minus schedule including a 15-minute maintenance window for the final cutover.
- **Risk Assessment:** Mitigations included for replication lag, sequence mismatch, and schema drift.

Let me know if you want to adjust the service names or add specific technical constraints to the plan!

session_id: 20260420_154830_d41471
